\BOOKMARK [1][-]{section*.2}{\376\377\000L\000e\000c\000t\000u\000r\000e\000\040\0001\000:\000\040\000N\000o\000r\000m\000e\000d\000\040\000L\000i\000n\000e\000a\000r\000\040\000S\000p\000a\000c\000e\000s\000\040\000a\000n\000d\000\040\000C\000o\000m\000p\000l\000e\000t\000e\000n\000e\000s\000s}{}% 1
\BOOKMARK [2][-]{section*.3}{\376\377\000K\000e\000y\000\040\000T\000o\000p\000i\000c\000s\000:}{section*.2}% 2
\BOOKMARK [3][-]{section*.4}{\376\377\000S\000u\000m\000m\000a\000r\000y\000:}{section*.3}% 3
\BOOKMARK [3][-]{section*.5}{\376\377\000L\000e\000c\000t\000u\000r\000e\000:}{section*.3}% 4
\BOOKMARK [1][-]{section*.8}{\376\377\000L\000e\000c\000t\000u\000r\000e\000\040\0004\000:\000\040\000W\000e\000a\000k\000\040\000a\000n\000d\000\040\000S\000t\000r\000o\000n\000g\000\040\000C\000o\000n\000v\000e\000r\000g\000e\000n\000c\000e}{}% 5
\BOOKMARK [2][-]{section*.9}{\376\377\000K\000e\000y\000\040\000T\000o\000p\000i\000c\000s\000:}{section*.8}% 6
\BOOKMARK [3][-]{section*.10}{\376\377\000S\000u\000m\000m\000a\000r\000y\000:}{section*.9}% 7
\BOOKMARK [3][-]{section*.11}{\376\377\000L\000e\000c\000t\000u\000r\000e\000:}{section*.9}% 8
\BOOKMARK [1][-]{section*.12}{\376\377\000L\000e\000c\000t\000u\000r\000e\000\040\0005\000:\000\040\000T\000h\000e\000\040\000S\000p\000a\000c\000e\000\040\000l\0002\000\050\000R\000\051\000\040\000a\000n\000d\000\040\000H\000i\000l\000b\000e\000r\000t\000\040\000S\000p\000a\000c\000e\000s}{}% 9
\BOOKMARK [2][-]{section*.13}{\376\377\000K\000e\000y\000\040\000T\000o\000p\000i\000c\000s\000:}{section*.12}% 10
\BOOKMARK [3][-]{section*.14}{\376\377\000S\000u\000m\000m\000a\000r\000y\000:}{section*.13}% 11
\BOOKMARK [3][-]{section*.15}{\376\377\000L\000e\000c\000t\000u\000r\000e\000:}{section*.13}% 12
\BOOKMARK [1][-]{section*.17}{\376\377\000L\000e\000c\000t\000u\000r\000e\000\040\0006\000:\000\040\000H\000i\000l\000b\000e\000r\000t\000\040\000S\000p\000a\000c\000e\000s\000\040\000C\000o\000n\000t\000i\000n\000u\000e\000d}{}% 13
\BOOKMARK [2][-]{section*.18}{\376\377\000K\000e\000y\000\040\000T\000o\000p\000i\000c\000s\000:}{section*.17}% 14
\BOOKMARK [3][-]{section*.19}{\376\377\000S\000u\000m\000m\000a\000r\000y\000:}{section*.18}% 15
\BOOKMARK [3][-]{section*.20}{\376\377\000L\000e\000c\000t\000u\000r\000e\000:}{section*.18}% 16
\BOOKMARK [1][-]{section*.21}{\376\377\000L\000e\000c\000t\000u\000r\000e\000\040\0007\000:\000\040\000L\000p\000\040\000S\000p\000a\000c\000e\000s}{}% 17
\BOOKMARK [2][-]{section*.22}{\376\377\000K\000e\000y\000\040\000T\000o\000p\000i\000c\000s\000:}{section*.21}% 18
\BOOKMARK [3][-]{section*.23}{\376\377\000S\000u\000m\000m\000a\000r\000y\000:}{section*.22}% 19
\BOOKMARK [3][-]{section*.24}{\376\377\000L\000e\000c\000t\000u\000r\000e\000:}{section*.22}% 20
\BOOKMARK [1][-]{section*.25}{\376\377\000L\000e\000c\000t\000u\000r\000e\000s\000\040\0008\000-\0001\0000\000:\000\040\000T\000h\000e\000\040\000R\000i\000e\000s\000z\000-\000R\000e\000p\000r\000e\000s\000e\000n\000t\000a\000t\000i\000o\000n\000\040\000T\000h\000e\000o\000r\000e\000m\000\040\000a\000n\000d\000\040\000t\000h\000e\000\040\000R\000a\000d\000o\000n\000-\000N\000i\000k\000o\000d\000y\000m\000\040\000T\000h\000e\000o\000r\000e\000m}{}% 21
\BOOKMARK [2][-]{section*.26}{\376\377\000K\000e\000y\000\040\000T\000o\000p\000i\000c\000s\000:}{section*.25}% 22
\BOOKMARK [3][-]{section*.27}{\376\377\000S\000u\000m\000m\000a\000r\000y\000:}{section*.26}% 23
\BOOKMARK [3][-]{section*.28}{\376\377\000L\000e\000c\000t\000u\000r\000e\000:}{section*.26}% 24
\BOOKMARK [1][-]{section*.29}{\376\377\000L\000e\000c\000t\000u\000r\000e\000\040\0001\0007\000:\000\040\000F\000o\000u\000r\000i\000e\000r\000\040\000T\000r\000a\000n\000s\000f\000o\000r\000m}{}% 25
\BOOKMARK [2][-]{section*.30}{\376\377\000K\000e\000y\000\040\000T\000o\000p\000i\000c\000s\000:}{section*.29}% 26
\BOOKMARK [3][-]{section*.31}{\376\377\000S\000u\000m\000m\000a\000r\000y\000:}{section*.30}% 27
\BOOKMARK [3][-]{section*.32}{\376\377\000L\000e\000c\000t\000u\000r\000e\000:}{section*.30}% 28
\BOOKMARK [1][-]{section*.33}{\376\377\000L\000e\000c\000t\000u\000r\000e\000s\000\040\0001\0009\000-\0002\0000\000:\000\040\000D\000e\000f\000i\000n\000i\000t\000i\000o\000n\000s\000\040\000i\000n\000\040\000D\000i\000s\000t\000r\000i\000b\000u\000t\000i\000o\000n\000\040\000T\000h\000e\000o\000r\000y\000\040\000a\000n\000d\000\040\000t\000h\000e\000\040\000F\000u\000n\000d\000a\000m\000e\000n\000t\000a\000l\000\040\000T\000h\000e\000o\000r\000e\000m}{}% 29
\BOOKMARK [2][-]{section*.34}{\376\377\000K\000e\000y\000\040\000T\000o\000p\000i\000c\000s\000:}{section*.33}% 30
\BOOKMARK [3][-]{section*.35}{\376\377\000S\000u\000m\000m\000a\000r\000y\000:}{section*.34}% 31
\BOOKMARK [3][-]{section*.36}{\376\377\000L\000e\000c\000t\000u\000r\000e\000:}{section*.34}% 32
\BOOKMARK [1][-]{section*.37}{\376\377\000L\000e\000c\000t\000u\000r\000e\000\040\0002\0001\000:\000\040\000S\000c\000h\000w\000a\000r\000t\000z\000\040\000F\000u\000n\000c\000t\000i\000o\000n\000s\000,\000\040\000T\000e\000m\000p\000e\000r\000e\000d\000\040\000D\000i\000s\000t\000r\000i\000b\000u\000t\000i\000o\000n\000s}{}% 33
\BOOKMARK [2][-]{section*.38}{\376\377\000K\000e\000y\000\040\000T\000o\000p\000i\000c\000s\000:}{section*.37}% 34
\BOOKMARK [3][-]{section*.39}{\376\377\000S\000u\000m\000m\000a\000r\000y\000:}{section*.38}% 35
\BOOKMARK [3][-]{section*.40}{\376\377\000L\000e\000c\000t\000u\000r\000e\000:}{section*.38}% 36
