\BOOKMARK [1][-]{section*.2}{\376\377\000L\000e\000c\000t\000u\000r\000e\000\040\0001\000:\000\040\000N\000o\000r\000m\000e\000d\000\040\000L\000i\000n\000e\000a\000r\000\040\000S\000p\000a\000c\000e\000s\000\040\000a\000n\000d\000\040\000C\000o\000m\000p\000l\000e\000t\000e\000n\000e\000s\000s}{}% 1
\BOOKMARK [2][-]{section*.3}{\376\377\000K\000e\000y\000\040\000T\000o\000p\000i\000c\000s\000:}{section*.2}% 2
\BOOKMARK [3][-]{section*.4}{\376\377\000S\000u\000m\000m\000a\000r\000y\000:}{section*.3}% 3
\BOOKMARK [3][-]{section*.5}{\376\377\000L\000e\000c\000t\000u\000r\000e\000:}{section*.3}% 4
\BOOKMARK [1][-]{section*.8}{\376\377\000L\000e\000c\000t\000u\000r\000e\000\040\0003\000:\000\040\000T\000h\000e\000\040\000H\000a\000h\000n\000-\000B\000a\000n\000a\000c\000h\000\040\000T\000h\000e\000o\000r\000e\000m}{}% 5
\BOOKMARK [2][-]{section*.9}{\376\377\000A\000d\000d\000e\000n\000d\000u\000m\000:\000\040\000E\000x\000t\000r\000a\000\040\000A\000p\000p\000l\000i\000c\000a\000t\000i\000o\000n\000s\000\040\000o\000f\000\040\000t\000h\000e\000\040\000H\000a\000h\000n\000-\000B\000a\000n\000a\000c\000h\000\040\000T\000h\000e\000o\000r\000e\000m}{section*.8}% 6
\BOOKMARK [1][-]{section*.10}{\376\377\000L\000e\000c\000t\000u\000r\000e\000\040\0004\000:\000\040\000W\000e\000a\000k\000\040\000a\000n\000d\000\040\000S\000t\000r\000o\000n\000g\000\040\000C\000o\000n\000v\000e\000r\000g\000e\000n\000c\000e}{}% 7
\BOOKMARK [2][-]{section*.11}{\376\377\000K\000e\000y\000\040\000T\000o\000p\000i\000c\000s\000:}{section*.10}% 8
\BOOKMARK [3][-]{section*.12}{\376\377\000S\000u\000m\000m\000a\000r\000y\000:}{section*.11}% 9
\BOOKMARK [3][-]{section*.13}{\376\377\000L\000e\000c\000t\000u\000r\000e\000:}{section*.11}% 10
\BOOKMARK [1][-]{section*.14}{\376\377\000L\000e\000c\000t\000u\000r\000e\000\040\0005\000:\000\040\000T\000h\000e\000\040\000S\000p\000a\000c\000e\000\040\000l\0002\000\050\000R\000\051\000\040\000a\000n\000d\000\040\000H\000i\000l\000b\000e\000r\000t\000\040\000S\000p\000a\000c\000e\000s}{}% 11
\BOOKMARK [2][-]{section*.15}{\376\377\000K\000e\000y\000\040\000T\000o\000p\000i\000c\000s\000:}{section*.14}% 12
\BOOKMARK [3][-]{section*.16}{\376\377\000S\000u\000m\000m\000a\000r\000y\000:}{section*.15}% 13
\BOOKMARK [3][-]{section*.17}{\376\377\000L\000e\000c\000t\000u\000r\000e\000:}{section*.15}% 14
\BOOKMARK [1][-]{section*.19}{\376\377\000L\000e\000c\000t\000u\000r\000e\000\040\0006\000:\000\040\000H\000i\000l\000b\000e\000r\000t\000\040\000S\000p\000a\000c\000e\000s\000\040\000C\000o\000n\000t\000'\000d}{}% 15
\BOOKMARK [2][-]{section*.20}{\376\377\000K\000e\000y\000\040\000T\000o\000p\000i\000c\000s\000:}{section*.19}% 16
\BOOKMARK [2][-]{section*.21}{\376\377\000S\000u\000m\000m\000a\000r\000y\000:}{section*.19}% 17
\BOOKMARK [2][-]{section*.22}{\376\377\000L\000e\000c\000t\000u\000r\000e\000:}{section*.19}% 18
\BOOKMARK [1][-]{section*.23}{\376\377\000L\000e\000c\000t\000u\000r\000e\000\040\0007\000:\000\040\000L\000p\000\040\000S\000p\000a\000c\000e\000s}{}% 19
\BOOKMARK [2][-]{section*.24}{\376\377\000K\000e\000y\000\040\000T\000o\000p\000i\000c\000s\000:}{section*.23}% 20
\BOOKMARK [2][-]{section*.25}{\376\377\000S\000u\000m\000m\000a\000r\000y\000:}{section*.23}% 21
\BOOKMARK [2][-]{section*.26}{\376\377\000L\000e\000c\000t\000u\000r\000e\000:}{section*.23}% 22
\BOOKMARK [1][-]{section*.27}{\376\377\000L\000e\000c\000t\000u\000r\000e\000s\000\040\0008\000-\0001\0000\000:\000\040\000T\000h\000e\000\040\000R\000i\000e\000s\000z\000-\000R\000e\000p\000r\000e\000s\000e\000n\000t\000a\000t\000i\000o\000n\000\040\000T\000h\000e\000o\000r\000e\000m\000\040\000a\000n\000d\000\040\000t\000h\000e\000\040\000R\000a\000d\000o\000n\000-\000N\000i\000k\000o\000d\000y\000m\000\040\000T\000h\000e\000o\000r\000e\000m}{}% 23
\BOOKMARK [2][-]{section*.28}{\376\377\000K\000e\000y\000\040\000T\000o\000p\000i\000c\000s\000:}{section*.27}% 24
\BOOKMARK [3][-]{section*.29}{\376\377\000S\000u\000m\000m\000a\000r\000y\000:}{section*.28}% 25
\BOOKMARK [3][-]{section*.30}{\376\377\000L\000e\000c\000t\000u\000r\000e\000:}{section*.28}% 26
